mini6                                                                                                                   PAGE 1
                         1     ORG 00H
  00A0                   2     DAT     EQU     P2
  0085                   3     EN      EQU     P0.5
  0086                   4     RW      EQU     P0.6
  0087                   5     RS      EQU     P0.7
                         6     ;-----START MAIN PROGRAM-------
                         7     ;----------SWITCH------------
0000 758000              8      main:  MOV P0, #00000000B;
0003 E5B0                9             MOV A,P3
0005 FC                 10             MOV R4,A
                        11
0006 EC                 12             MOV A, R4
0007 5420               13             ANL A, #00100000B       ;SWITCH K3
0009 6002               14             JZ task1
000B 0112               15             AJMP jmp1
000D 02004E             16     task1:  ljmp sw1
0010 0112               17             AJMP jmp1
                        18
0012 EC                 19     jmp1:   MOV A, R4
0013 5410               20             ANL A, #00010000B       ;SWITCH K4
0015 6002               21             JZ task2
0017 011E               22             AJMP jmp2
0019 02009D             23     task2:  ljmp sw2
001C 011E               24             AJMP jmp2
                        25
001E EC                 26     jmp2:   MOV A, R4
001F 5408               27             ANL A, #00001000B       ;SWITCH K5
0021 6002               28             JZ task3
0023 012A               29             AJMP jmp3
0025 0200E0             30     task3:  ljmp sw3
0028 012A               31             AJMP jmp3
                        32
002A EC                 33     jmp3:   MOV A, R4
002B 5404               34             ANL A, #00000100B       ;SWITCH K6
002D 6002               35             JZ task4
002F 0100               36             AJMP main
0031 020123             37     task4:  ljmp sw4
0034 0100               38             AJMP main
                        39
                        40     ;------MOTOR MOVE CLOCK WISE----
0036 758004             41     motor1: MOV P0, #00000100B      ;MOVE MOTOR 1 CLOCKWISE
0039 319F               42             ACALL DELAY
003B 22                 43             RET
                        44
003C 758008             45     motor2: MOV P0, #00001000B      ;MOVE MOTOR 1 ANTICLOCKWISE
003F 319F               46             ACALL DELAY
0041 22                 47             RET
                        48
0042 758010             49     motor3: MOV P0, #00010000B      ;MOVE MOTOR 2 CLOCKWISE
0045 319F               50             ACALL DELAY
0047 22                 51             RET
                        52
0048 758020             53     motor4: MOV P0, #00100000B      ;MOVE MOTOR 2 ANTICLOCKWISE
004B 319F               54             ACALL DELAY
004D 22                 55             RET
                        56
                        57     ;------DISPLAY LCD-------------
                        58
                        59     ;-----LEFT----------
004E 7438               60     SW1:    MOV A,#38H
0050 3170               61             ACALL CMND
0052 740C               62             MOV A,#0CH
0054 3170               63             ACALL CMND
0056 7401               64             MOV A,#01H
0058 3170               65             ACALL CMND
005A 7480               66             MOV A,#80H
005C 3170               67             ACALL CMND
005E 743C               68             MOV A,#3CH
0060 3170               69             ACALL CMND
0062 7452               70             MOV A,#'R'
0064 317D               71             ACALL DISP
0066 7445               72             MOV A,#'E'
0068 317D               73             ACALL DISP
006A 744C               74             MOV A,#'L'
006C 317D               75             ACALL DISP
006E 7445               76             MOV A,#'E'
0070 317D               77             ACALL DISP
0072 7441               78             MOV A,#'A'
0074 317D               79             ACALL DISP
0076 7453               80             MOV A,#'S'
0078 317D               81             ACALL DISP
007A 7445               82             MOV A,#'E'
007C 317D               83             ACALL DISP
                        84
007E 74C4               85             MOV A,#0C4H
0080 3170               86             ACALL CMND
                        87
0082 744F               88             MOV A,#'O'
0084 317D               89             ACALL DISP
0086 7442               90             MOV A,#'B'
0088 317D               91             ACALL DISP
008A 744A               92             MOV A,#'J'
008C 317D               93             ACALL DISP
008E 7445               94             MOV A,#'E'
0090 317D               95             ACALL DISP
0092 7443               96             MOV A,#'C'
0094 317D               97             ACALL DISP
0096 7454               98             MOV A,#'T'
0098 317D               99             ACALL DISP
                       100
009A 020036            101             ljmp motor1
                       102
                       103     ;-----RIGHT-------
009D 7438              104     SW2:    MOV A,#38H
009F 3170              105             ACALL CMND
00A1 740C              106             MOV A,#0CH
00A3 3170              107             ACALL CMND
00A5 7401              108             MOV A,#01H
00A7 3170              109             ACALL CMND
00A9 7480              110             MOV A,#80H
00AB 3170              111             ACALL CMND
00AD 743C              112             MOV A,#3CH
00AF 3170              113             ACALL CMND
00B1 7447              114             MOV A,#'G'
00B3 317D              115             ACALL DISP
00B5 7452              116             MOV A,#'R'
00B7 317D              117             ACALL DISP
00B9 7449              118             MOV A,#'I'
00BB 317D              119             ACALL DISP
00BD 7450              120             MOV A,#'P'
00BF 317D              121             ACALL DISP
                       122
00C1 74C4              123             MOV A,#0C4H
00C3 3170              124             ACALL CMND
                       125
00C5 744F              126             MOV A,#'O'
00C7 317D              127             ACALL DISP
00C9 7442              128             MOV A,#'B'
00CB 317D              129             ACALL DISP
00CD 744A              130             MOV A,#'J'
00CF 317D              131             ACALL DISP
00D1 7445              132             MOV A,#'E'
00D3 317D              133             ACALL DISP
00D5 7443              134             MOV A,#'C'
00D7 317D              135             ACALL DISP
00D9 7454              136             MOV A,#'T'
00DB 317D              137             ACALL DISP
                       138
00DD 02003C            139             ljmp motor2
                       140     ;-----UP-------
00E0 7438              141     SW3:    MOV A,#38H
00E2 3170              142             ACALL CMND
00E4 740C              143             MOV A,#0CH
00E6 3170              144             ACALL CMND
00E8 7401              145             MOV A,#01H
00EA 3170              146             ACALL CMND
00EC 7480              147             MOV A,#80H
00EE 3170              148             ACALL CMND
00F0 743C              149             MOV A,#3CH
00F2 3170              150             ACALL CMND
00F4 744D              151             MOV A,#'M'
00F6 317D              152             ACALL DISP
00F8 7430              153             MOV A,#'0'
00FA 317D              154             ACALL DISP
00FC 7456              155             MOV A,#'V'
00FE 317D              156             ACALL DISP
0100 7445              157             MOV A,#'E'
0102 317D              158             ACALL DISP
                       159
0104 74C4              160             MOV A,#0C4H
0106 3170              161             ACALL CMND
                       162
0108 7455              163             MOV A,#'U'
010A 317D              164             ACALL DISP
010C 7450              165             MOV A,#'P'
010E 317D              166             ACALL DISP
0110 7457              167             MOV A,#'W'
0112 317D              168             ACALL DISP
0114 7441              169             MOV A,#'A'
0116 317D              170             ACALL DISP
0118 7452              171             MOV A,#'R'
011A 317D              172             ACALL DISP
011C 7444              173             MOV A,#'D'
011E 317D              174             ACALL DISP
                       175
0120 020042            176             ljmp motor3
                       177     ;-----RIGHT-------
0123 7438              178     SW4:    MOV A,#38H
0125 3170              179             ACALL CMND
0127 740C              180             MOV A,#0CH
0129 3170              181             ACALL CMND
012B 7401              182             MOV A,#01H
012D 3170              183             ACALL CMND
012F 7480              184             MOV A,#80H
0131 3170              185             ACALL CMND
0133 743C              186             MOV A,#3CH
0135 3170              187             ACALL CMND
0137 744D              188             MOV A,#'M'
0139 317D              189             ACALL DISP
013B 7430              190             MOV A,#'0'
013D 317D              191             ACALL DISP
013F 7456              192             MOV A,#'V'
0141 317D              193             ACALL DISP
0143 7445              194             MOV A,#'E'
0145 317D              195             ACALL DISP
                       196
0147 74C4              197             MOV A,#0C4H
0149 3170              198             ACALL CMND
                       199
                       200
014B 7442              201             MOV A,#'B'
014D 317D              202             ACALL DISP
014F 7441              203             MOV A,#'A'
0151 317D              204             ACALL DISP
0153 7443              205             MOV A,#'C'
0155 317D              206             ACALL DISP
0157 744B              207             MOV A,#'K'
0159 317D              208             ACALL DISP
015B 7457              209             MOV A,#'W'
015D 317D              210             ACALL DISP
015F 7441              211             MOV A,#'A'
0161 317D              212             ACALL DISP
0163 7452              213             MOV A,#'R'
0165 317D              214             ACALL DISP
0167 7444              215             MOV A,#'D'
0169 317D              216             ACALL DISP
                       217
016B 020048            218             ljmp motor4
                       219
                       220     ;--------LOOP FOREVER-----
016E 80FE              221             HERE: SJMP HERE
                       222
                       223     ;----------------------SUBROUTINE TO SEND COMMAND VALUE---------
0170 F5A0              224     CMND:   MOV DAT,A
0172 C287              225             CLR RS
0174 C286              226             CLR RW
0176 D285              227             SETB EN
0178 C285              228             CLR  EN
017A 318A              229             ACALL DELY
017C 22                230             RET
                       231             ;------------------------SUBROUTINE TO SEND VALUE DATA---------------
017D F5A0              232     DISP:   MOV DAT,A
017F D287              233             SETB RS
0181 C286              234             CLR RW
0183 D285              235             SETB EN
0185 C285              236             CLR EN
0187 318A              237             ACALL DELY
0189 22                238             RET
                       239     ;-------------SUBROUTINE TO CHECK BUSY FLAG STATUS------
018A C285              240     DELY:   CLR     EN
018C C287              241             CLR     RS
018E D286              242             SETB    RW
0190 75A0FF            243             MOV     DAT,#0FFH
0193 D285              244             SETB    EN
0195 E5A0              245             MOV     A,DAT
0197 20E7F0            246             JB      ACC.7,DELY
019A C285              247             CLR     EN
019C C286              248             CLR     RW
019E 22                249             RET
                       250     ;----------SUBROUTINE DELAY-------
019F 7A01              251     DELAY:  MOV R2,#1
01A1 79FF              252     LOOP2:  MOV R1,#255
01A3 78FF              253     LOOP1:  MOV R0,#255
01A5 D8FE              254     LOOP0:  DJNZ R0, LOOP0
01A7 D9FA              255             DJNZ R1, LOOP1
01A9 DAF6              256             DJNZ R2, LOOP2
01AB 22                257             RET
                       258             END
ASSEMBLY COMPLETE, NO ERRORS FOUND, NO WARNINGS


SYMBOL TABLE:
??MCU_8051_IDE . . . . . . . . . . .  N  NUMB  8051H  NOT USED
??VERSION. . . . . . . . . . . . . .  N  NUMB  0149H  NOT USED
AC . . . . . . . . . . . . . . . . .  B  ADDR  00D6H  NOT USED
ACC. . . . . . . . . . . . . . . . .  D  ADDR  00E0H
ACSR . . . . . . . . . . . . . . . .  D  ADDR  0097H  NOT USED
ADCF . . . . . . . . . . . . . . . .  D  ADDR  00F6H  NOT USED
ADCLK. . . . . . . . . . . . . . . .  D  ADDR  00F2H  NOT USED
ADCON. . . . . . . . . . . . . . . .  D  ADDR  00F3H  NOT USED
ADDH . . . . . . . . . . . . . . . .  D  ADDR  00F5H  NOT USED
ADDL . . . . . . . . . . . . . . . .  D  ADDR  00F4H  NOT USED
AUXR . . . . . . . . . . . . . . . .  D  ADDR  008EH  NOT USED
AUXR1. . . . . . . . . . . . . . . .  D  ADDR  00A2H  NOT USED
B. . . . . . . . . . . . . . . . . .  D  ADDR  00F0H  NOT USED
BDRCON . . . . . . . . . . . . . . .  D  ADDR  009BH  NOT USED
BDRCON_1 . . . . . . . . . . . . . .  D  ADDR  009CH  NOT USED
BRL. . . . . . . . . . . . . . . . .  D  ADDR  009AH  NOT USED
CCAP0H . . . . . . . . . . . . . . .  D  ADDR  00FAH  NOT USED
CCAP0L . . . . . . . . . . . . . . .  D  ADDR  00EAH  NOT USED
CCAP1H . . . . . . . . . . . . . . .  D  ADDR  00FBH  NOT USED
CCAP1L . . . . . . . . . . . . . . .  D  ADDR  00EBH  NOT USED
CCAP2H . . . . . . . . . . . . . . .  D  ADDR  00FCH  NOT USED
CCAP3H . . . . . . . . . . . . . . .  D  ADDR  00FDH  NOT USED
CCAP4H . . . . . . . . . . . . . . .  D  ADDR  00FEH  NOT USED
CCAPL2H. . . . . . . . . . . . . . .  D  ADDR  00FCH  NOT USED
CCAPL2L. . . . . . . . . . . . . . .  D  ADDR  00ECH  NOT USED
CCAPL3H. . . . . . . . . . . . . . .  D  ADDR  00FDH  NOT USED
CCAPL3L. . . . . . . . . . . . . . .  D  ADDR  00EDH  NOT USED
CCAPL4H. . . . . . . . . . . . . . .  D  ADDR  00FEH  NOT USED
CCAPL4L. . . . . . . . . . . . . . .  D  ADDR  00EEH  NOT USED
CCAPM0 . . . . . . . . . . . . . . .  D  ADDR  00DAH  NOT USED
CCAPM1 . . . . . . . . . . . . . . .  D  ADDR  00DBH  NOT USED
CCAPM2 . . . . . . . . . . . . . . .  D  ADDR  00DCH  NOT USED
CCAPM3 . . . . . . . . . . . . . . .  D  ADDR  00DDH  NOT USED
CCAPM4 . . . . . . . . . . . . . . .  D  ADDR  00DEH  NOT USED
CCF0 . . . . . . . . . . . . . . . .  B  ADDR  00D8H  NOT USED
CCF1 . . . . . . . . . . . . . . . .  B  ADDR  00D9H  NOT USED
CCF2 . . . . . . . . . . . . . . . .  B  ADDR  00DAH  NOT USED
CCF3 . . . . . . . . . . . . . . . .  B  ADDR  00DBH  NOT USED
CCF4 . . . . . . . . . . . . . . . .  B  ADDR  00DCH  NOT USED
CCON . . . . . . . . . . . . . . . .  D  ADDR  00D8H  NOT USED
CFINT. . . . . . . . . . . . . . . .  C  ADDR  0033H  NOT USED
CH . . . . . . . . . . . . . . . . .  D  ADDR  00F9H  NOT USED
CKCON. . . . . . . . . . . . . . . .  D  ADDR  008FH  NOT USED
CKCON0 . . . . . . . . . . . . . . .  D  ADDR  008FH  NOT USED
CKRL . . . . . . . . . . . . . . . .  D  ADDR  0097H  NOT USED
CKSEL. . . . . . . . . . . . . . . .  D  ADDR  0085H  NOT USED
CL . . . . . . . . . . . . . . . . .  D  ADDR  00E9H  NOT USED
CLKREG . . . . . . . . . . . . . . .  D  ADDR  008FH  NOT USED
CMND . . . . . . . . . . . . . . . .  C  ADDR  0170H
CMOD . . . . . . . . . . . . . . . .  D  ADDR  00D9H  NOT USED
CPRL2. . . . . . . . . . . . . . . .  B  ADDR  00C8H  NOT USED
CR . . . . . . . . . . . . . . . . .  B  ADDR  00DEH  NOT USED
CT2. . . . . . . . . . . . . . . . .  B  ADDR  00C9H  NOT USED
CY . . . . . . . . . . . . . . . . .  B  ADDR  00D7H  NOT USED
DAT. . . . . . . . . . . . . . . . .  N  NUMB  00A0H
DELAY. . . . . . . . . . . . . . . .  C  ADDR  019FH
DELY . . . . . . . . . . . . . . . .  C  ADDR  018AH
DISP . . . . . . . . . . . . . . . .  C  ADDR  017DH
DP0H . . . . . . . . . . . . . . . .  D  ADDR  0083H  NOT USED
DP0L . . . . . . . . . . . . . . . .  D  ADDR  0082H  NOT USED
DP1H . . . . . . . . . . . . . . . .  D  ADDR  0085H  NOT USED
DP1L . . . . . . . . . . . . . . . .  D  ADDR  0084H  NOT USED
DPH. . . . . . . . . . . . . . . . .  D  ADDR  0083H  NOT USED
DPL. . . . . . . . . . . . . . . . .  D  ADDR  0082H  NOT USED
EA . . . . . . . . . . . . . . . . .  B  ADDR  00AFH  NOT USED
EC . . . . . . . . . . . . . . . . .  B  ADDR  00AEH  NOT USED
EECON. . . . . . . . . . . . . . . .  D  ADDR  0096H  NOT USED
EN . . . . . . . . . . . . . . . . .  N  NUMB  0085H
ES . . . . . . . . . . . . . . . . .  B  ADDR  00ACH  NOT USED
ET0. . . . . . . . . . . . . . . . .  B  ADDR  00A9H  NOT USED
ET1. . . . . . . . . . . . . . . . .  B  ADDR  00ABH  NOT USED
ET2. . . . . . . . . . . . . . . . .  B  ADDR  00ADH  NOT USED
EX0. . . . . . . . . . . . . . . . .  B  ADDR  00A8H  NOT USED
EX1. . . . . . . . . . . . . . . . .  B  ADDR  00AAH  NOT USED
EXEN2. . . . . . . . . . . . . . . .  B  ADDR  00CBH  NOT USED
EXF2 . . . . . . . . . . . . . . . .  B  ADDR  00CEH  NOT USED
EXTI0. . . . . . . . . . . . . . . .  C  ADDR  0003H  NOT USED
EXTI1. . . . . . . . . . . . . . . .  C  ADDR  0013H  NOT USED
F0 . . . . . . . . . . . . . . . . .  B  ADDR  00D5H  NOT USED
FE . . . . . . . . . . . . . . . . .  B  ADDR  009FH  NOT USED
HERE . . . . . . . . . . . . . . . .  C  ADDR  016EH
IE . . . . . . . . . . . . . . . . .  D  ADDR  00A8H  NOT USED
IE0. . . . . . . . . . . . . . . . .  B  ADDR  0089H  NOT USED
IE1. . . . . . . . . . . . . . . . .  B  ADDR  008BH  NOT USED
INT0 . . . . . . . . . . . . . . . .  B  ADDR  00B2H  NOT USED
INT1 . . . . . . . . . . . . . . . .  B  ADDR  00B3H  NOT USED
IP . . . . . . . . . . . . . . . . .  D  ADDR  00B8H  NOT USED
IPH. . . . . . . . . . . . . . . . .  D  ADDR  00B7H  NOT USED
IPH0 . . . . . . . . . . . . . . . .  D  ADDR  00B7H  NOT USED
IPH1 . . . . . . . . . . . . . . . .  D  ADDR  00B3H  NOT USED
IPL0 . . . . . . . . . . . . . . . .  D  ADDR  00B8H  NOT USED
IPL1 . . . . . . . . . . . . . . . .  D  ADDR  00B2H  NOT USED
IT0. . . . . . . . . . . . . . . . .  B  ADDR  0088H  NOT USED
IT1. . . . . . . . . . . . . . . . .  B  ADDR  008AH  NOT USED
JMP1 . . . . . . . . . . . . . . . .  C  ADDR  0012H
JMP2 . . . . . . . . . . . . . . . .  C  ADDR  001EH
JMP3 . . . . . . . . . . . . . . . .  C  ADDR  002AH
KBE. . . . . . . . . . . . . . . . .  D  ADDR  009DH  NOT USED
KBF. . . . . . . . . . . . . . . . .  D  ADDR  009EH  NOT USED
KBLS . . . . . . . . . . . . . . . .  D  ADDR  009CH  NOT USED
LOOP0. . . . . . . . . . . . . . . .  C  ADDR  01A5H
LOOP1. . . . . . . . . . . . . . . .  C  ADDR  01A3H
LOOP2. . . . . . . . . . . . . . . .  C  ADDR  01A1H
MAIN . . . . . . . . . . . . . . . .  C  ADDR  0000H
MOTOR1 . . . . . . . . . . . . . . .  C  ADDR  0036H
MOTOR2 . . . . . . . . . . . . . . .  C  ADDR  003CH
MOTOR3 . . . . . . . . . . . . . . .  C  ADDR  0042H
MOTOR4 . . . . . . . . . . . . . . .  C  ADDR  0048H
OSCCON . . . . . . . . . . . . . . .  D  ADDR  0086H  NOT USED
OV . . . . . . . . . . . . . . . . .  B  ADDR  00D2H  NOT USED
P. . . . . . . . . . . . . . . . . .  B  ADDR  00D0H  NOT USED
P0 . . . . . . . . . . . . . . . . .  D  ADDR  0080H
P1 . . . . . . . . . . . . . . . . .  D  ADDR  0090H  NOT USED
P1M1 . . . . . . . . . . . . . . . .  D  ADDR  00D4H  NOT USED
P1M2 . . . . . . . . . . . . . . . .  D  ADDR  00E2H  NOT USED
P2 . . . . . . . . . . . . . . . . .  D  ADDR  00A0H  NOT USED
P3 . . . . . . . . . . . . . . . . .  D  ADDR  00B0H
P3M1 . . . . . . . . . . . . . . . .  D  ADDR  00D5H  NOT USED
P3M2 . . . . . . . . . . . . . . . .  D  ADDR  00E3H  NOT USED
P4 . . . . . . . . . . . . . . . . .  D  ADDR  00C0H  NOT USED
P4M1 . . . . . . . . . . . . . . . .  D  ADDR  00D6H  NOT USED
P4M2 . . . . . . . . . . . . . . . .  D  ADDR  00E4H  NOT USED
P5 . . . . . . . . . . . . . . . . .  D  ADDR  00E8H  NOT USED
PC . . . . . . . . . . . . . . . . .  B  ADDR  00BEH  NOT USED
PCON . . . . . . . . . . . . . . . .  D  ADDR  0087H  NOT USED
PPCL . . . . . . . . . . . . . . . .  B  ADDR  00BEH  NOT USED
PS . . . . . . . . . . . . . . . . .  B  ADDR  00BCH  NOT USED
PSL. . . . . . . . . . . . . . . . .  B  ADDR  00BCH  NOT USED
PSW. . . . . . . . . . . . . . . . .  D  ADDR  00D0H  NOT USED
PT0. . . . . . . . . . . . . . . . .  B  ADDR  00B9H  NOT USED
PT0L . . . . . . . . . . . . . . . .  B  ADDR  00B9H  NOT USED
PT1. . . . . . . . . . . . . . . . .  B  ADDR  00BBH  NOT USED
PT1L . . . . . . . . . . . . . . . .  B  ADDR  00BBH  NOT USED
PT2. . . . . . . . . . . . . . . . .  B  ADDR  00BDH  NOT USED
PT2L . . . . . . . . . . . . . . . .  B  ADDR  00BDH  NOT USED
PX0. . . . . . . . . . . . . . . . .  B  ADDR  00B8H  NOT USED
PX0L . . . . . . . . . . . . . . . .  B  ADDR  00B8H  NOT USED
PX1. . . . . . . . . . . . . . . . .  B  ADDR  00BAH  NOT USED
PX1L . . . . . . . . . . . . . . . .  B  ADDR  00BAH  NOT USED
RB8. . . . . . . . . . . . . . . . .  B  ADDR  009AH  NOT USED
RCAP2H . . . . . . . . . . . . . . .  D  ADDR  00CBH  NOT USED
RCAP2L . . . . . . . . . . . . . . .  D  ADDR  00CAH  NOT USED
RCLK . . . . . . . . . . . . . . . .  B  ADDR  00CDH  NOT USED
RD . . . . . . . . . . . . . . . . .  B  ADDR  00B7H  NOT USED
REN. . . . . . . . . . . . . . . . .  B  ADDR  009CH  NOT USED
RESET. . . . . . . . . . . . . . . .  C  ADDR  0000H  NOT USED
RI . . . . . . . . . . . . . . . . .  B  ADDR  0098H  NOT USED
RS . . . . . . . . . . . . . . . . .  N  NUMB  0087H
RS0. . . . . . . . . . . . . . . . .  B  ADDR  00D3H  NOT USED
RS1. . . . . . . . . . . . . . . . .  B  ADDR  00D4H  NOT USED
RW . . . . . . . . . . . . . . . . .  N  NUMB  0086H
RXD. . . . . . . . . . . . . . . . .  B  ADDR  00B0H  NOT USED
SADDR. . . . . . . . . . . . . . . .  D  ADDR  00A9H  NOT USED
SADDR_0. . . . . . . . . . . . . . .  D  ADDR  00A9H  NOT USED
SADDR_1. . . . . . . . . . . . . . .  D  ADDR  00AAH  NOT USED
SADEN. . . . . . . . . . . . . . . .  D  ADDR  00B9H  NOT USED
SADEN_0. . . . . . . . . . . . . . .  D  ADDR  00B9H  NOT USED
SADEN_1. . . . . . . . . . . . . . .  D  ADDR  00BAH  NOT USED
SBUF . . . . . . . . . . . . . . . .  D  ADDR  0099H  NOT USED
SCON . . . . . . . . . . . . . . . .  D  ADDR  0098H  NOT USED
SINT . . . . . . . . . . . . . . . .  C  ADDR  0023H  NOT USED
SM0. . . . . . . . . . . . . . . . .  B  ADDR  009FH  NOT USED
SM1. . . . . . . . . . . . . . . . .  B  ADDR  009EH  NOT USED
SM2. . . . . . . . . . . . . . . . .  B  ADDR  009DH  NOT USED
SP . . . . . . . . . . . . . . . . .  D  ADDR  0081H  NOT USED
SPCON. . . . . . . . . . . . . . . .  D  ADDR  00C3H  NOT USED
SPCR . . . . . . . . . . . . . . . .  D  ADDR  00D5H  NOT USED
SPDAT. . . . . . . . . . . . . . . .  D  ADDR  00C5H  NOT USED
SPDR . . . . . . . . . . . . . . . .  D  ADDR  0086H  NOT USED
SPSR . . . . . . . . . . . . . . . .  D  ADDR  00AAH  NOT USED
SPSTA. . . . . . . . . . . . . . . .  D  ADDR  00C4H  NOT USED
SW1. . . . . . . . . . . . . . . . .  C  ADDR  004EH
SW2. . . . . . . . . . . . . . . . .  C  ADDR  009DH
SW3. . . . . . . . . . . . . . . . .  C  ADDR  00E0H
SW4. . . . . . . . . . . . . . . . .  C  ADDR  0123H
T0 . . . . . . . . . . . . . . . . .  B  ADDR  00B4H  NOT USED
T1 . . . . . . . . . . . . . . . . .  B  ADDR  00B5H  NOT USED
T2CON. . . . . . . . . . . . . . . .  D  ADDR  00C8H  NOT USED
T2MOD. . . . . . . . . . . . . . . .  D  ADDR  00C9H  NOT USED
TASK1. . . . . . . . . . . . . . . .  C  ADDR  000DH
TASK2. . . . . . . . . . . . . . . .  C  ADDR  0019H
TASK3. . . . . . . . . . . . . . . .  C  ADDR  0025H
TASK4. . . . . . . . . . . . . . . .  C  ADDR  0031H
TB8. . . . . . . . . . . . . . . . .  B  ADDR  009BH  NOT USED
TCLK . . . . . . . . . . . . . . . .  B  ADDR  00CCH  NOT USED
TCON . . . . . . . . . . . . . . . .  D  ADDR  0088H  NOT USED
TF0. . . . . . . . . . . . . . . . .  B  ADDR  008DH  NOT USED
TF1. . . . . . . . . . . . . . . . .  B  ADDR  008FH  NOT USED
TF2. . . . . . . . . . . . . . . . .  B  ADDR  00CFH  NOT USED
TH0. . . . . . . . . . . . . . . . .  D  ADDR  008CH  NOT USED
TH1. . . . . . . . . . . . . . . . .  D  ADDR  008DH  NOT USED
TH2. . . . . . . . . . . . . . . . .  D  ADDR  00CDH  NOT USED
TI . . . . . . . . . . . . . . . . .  B  ADDR  0099H  NOT USED
TIMER0 . . . . . . . . . . . . . . .  C  ADDR  000BH  NOT USED
TIMER1 . . . . . . . . . . . . . . .  C  ADDR  001BH  NOT USED
TIMER2 . . . . . . . . . . . . . . .  C  ADDR  002BH  NOT USED
TL0. . . . . . . . . . . . . . . . .  D  ADDR  008AH  NOT USED
TL1. . . . . . . . . . . . . . . . .  D  ADDR  008BH  NOT USED
TL2. . . . . . . . . . . . . . . . .  D  ADDR  00CCH  NOT USED
TMOD . . . . . . . . . . . . . . . .  D  ADDR  0089H  NOT USED
TR0. . . . . . . . . . . . . . . . .  B  ADDR  008CH  NOT USED
TR1. . . . . . . . . . . . . . . . .  B  ADDR  008EH  NOT USED
TR2. . . . . . . . . . . . . . . . .  B  ADDR  00CAH  NOT USED
TXD. . . . . . . . . . . . . . . . .  B  ADDR  00B1H  NOT USED
WDTCON . . . . . . . . . . . . . . .  D  ADDR  00A7H  NOT USED
WDTPRG . . . . . . . . . . . . . . .  D  ADDR  00A7H  NOT USED
WDTRST . . . . . . . . . . . . . . .  D  ADDR  00A6H  NOT USED
WR . . . . . . . . . . . . . . . . .  B  ADDR  00B6H  NOT USED